exports[`test should render a todo item  1`] = `<ul />`;
